
> silent-ride-monorepo@0.1.0 dev /Users/huy/projects-h/silent-ride-movie-backup/silent-ride-movie
> turbo run dev

• turbo 2.8.17
• Packages in scope: @repo/database, silent-ride
• Running dev in 2 packages
• Remote caching disabled
silent-ride:dev: cache bypass, force executing 5bbda2bd7ac5cf71
silent-ride:dev: 
silent-ride:dev: > silent-ride@0.1.0 dev /Users/huy/projects-h/silent-ride-movie-backup/silent-ride-movie/apps/web
silent-ride:dev: > next dev
silent-ride:dev: 
silent-ride:dev: ⚠ Port 3000 is in use by process 91806, using available port 3001 instead.
silent-ride:dev: ▲ Next.js 16.1.6 (Turbopack)
silent-ride:dev: - Local:         http://localhost:3001
silent-ride:dev: - Network:       http://192.168.3.33:3001
silent-ride:dev: - Environments: .env.local
silent-ride:dev: 
silent-ride:dev: ✓ Starting...
silent-ride:dev: ⨯ Unable to acquire lock at /Users/huy/projects-h/silent-ride-movie-backup/silent-ride-movie/apps/web/.next/dev/lock, is another instance of next dev running?
silent-ride:dev:   Suggestion: If you intended to restart next dev, terminate the other process, and then try again.
silent-ride:dev: [?25h
silent-ride:dev:  ELIFECYCLE  Command failed with exit code 1.
silent-ride:dev: ERROR: command finished with error: command (/Users/huy/projects-h/silent-ride-movie-backup/silent-ride-movie/apps/web) /Users/huy/Library/pnpm/.tools/pnpm/10.32.1/bin/pnpm run dev exited (1)
silent-ride#dev: command (/Users/huy/projects-h/silent-ride-movie-backup/silent-ride-movie/apps/web) /Users/huy/Library/pnpm/.tools/pnpm/10.32.1/bin/pnpm run dev exited (1)

 Tasks:    0 successful, 1 total
Cached:    0 cached, 1 total
  Time:    2.235s 
Failed:    silent-ride#dev

 ERROR  run failed: command  exited (1)
 ELIFECYCLE  Command failed with exit code 1.
